测试时间: 2026-03-04 13:10:00
操作系统: win32

后端测试: ✗ 失败
前端测试: ✗ 失败

总体结果: ✗ 部分测试失败